exports[`CharDisplayTest Renders with correct class 1`] = `
<span
  className="myclass">
  B
</span>
`;
