exports[`ResultDisplayTest WPM calculation is correct 1`] = `
<div>
  <div>
    Time: 
    0
    s
  </div>
  <div>
    Chars/m: 
    300000
  </div>
  <div>
    Words/m: 
    60000
  </div>
  <button
    onClick={undefined}>
    Try again
  </button>
</div>
`;
